<html>
<body>
<pre>
<h1>礦ision Build Log</h1>
<h2>Project:</h2>
C:\Users\BaiXu\Desktop\Home Safety\Project\Pro\home_safe.uvproj
Project File Date:  07/19/2015

<h2>Output:</h2>
Build target 'home_safe'
compiling main.c...
..\..\CMSIS\STM32F10x\stm32f10x.h(96): error:  #35: #error directive: "Please select first the target STM32F10x device used in your application (in stm32f10x.h file)"
..\..\CMSIS\STM32F10x\stm32f10x.h:    #error "Please select first the target STM32F10x device used in your application (in stm32f10x.h file)"
..\..\CMSIS\STM32F10x\stm32f10x.h:     ^
..\..\CMSIS\STM32F10x\stm32f10x.h: ..\..\user\src\main.c: 0 warnings, 1 error
compiling stm32f10x_it.c...
..\..\user\inc\stm32f10x.h(96): error:  #35: #error directive: "Please select first the target STM32F10x device used in your application (in stm32f10x.h file)"
..\..\user\inc\stm32f10x.h:    #error "Please select first the target STM32F10x device used in your application (in stm32f10x.h file)"
..\..\user\inc\stm32f10x.h:     ^
..\..\user\inc\stm32f10x.h: ..\..\user\src\stm32f10x_it.c: 0 warnings, 1 error
compiling ADC.c...
..\..\CMSIS\STM32F10x\stm32f10x.h(96): error:  #35: #error directive: "Please select first the target STM32F10x device used in your application (in stm32f10x.h file)"
..\..\CMSIS\STM32F10x\stm32f10x.h:    #error "Please select first the target STM32F10x device used in your application (in stm32f10x.h file)"
..\..\CMSIS\STM32F10x\stm32f10x.h:     ^
..\..\CMSIS\STM32F10x\stm32f10x.h: ..\..\Hardware\src\ADC.c: 0 warnings, 1 error
compiling dht11.c...
..\..\CMSIS\STM32F10x\stm32f10x.h(96): error:  #35: #error directive: "Please select first the target STM32F10x device used in your application (in stm32f10x.h file)"
..\..\CMSIS\STM32F10x\stm32f10x.h:    #error "Please select first the target STM32F10x device used in your application (in stm32f10x.h file)"
..\..\CMSIS\STM32F10x\stm32f10x.h:     ^
..\..\CMSIS\STM32F10x\stm32f10x.h: ..\..\Hardware\src\dht11.c: 0 warnings, 1 error
compiling ds18b20.c...
..\..\CMSIS\STM32F10x\stm32f10x.h(96): error:  #35: #error directive: "Please select first the target STM32F10x device used in your application (in stm32f10x.h file)"
..\..\CMSIS\STM32F10x\stm32f10x.h:    #error "Please select first the target STM32F10x device used in your application (in stm32f10x.h file)"
..\..\CMSIS\STM32F10x\stm32f10x.h:     ^
..\..\CMSIS\STM32F10x\stm32f10x.h: ..\..\Hardware\src\ds18b20.c: 0 warnings, 1 error
compiling fire.c...
..\..\CMSIS\STM32F10x\stm32f10x.h(96): error:  #35: #error directive: "Please select first the target STM32F10x device used in your application (in stm32f10x.h file)"
..\..\CMSIS\STM32F10x\stm32f10x.h:    #error "Please select first the target STM32F10x device used in your application (in stm32f10x.h file)"
..\..\CMSIS\STM32F10x\stm32f10x.h:     ^
..\..\CMSIS\STM32F10x\stm32f10x.h: ..\..\Hardware\src\fire.c: 0 warnings, 1 error
compiling key.c...
..\..\CMSIS\STM32F10x\stm32f10x.h(96): error:  #35: #error directive: "Please select first the target STM32F10x device used in your application (in stm32f10x.h file)"
..\..\CMSIS\STM32F10x\stm32f10x.h:    #error "Please select first the target STM32F10x device used in your application (in stm32f10x.h file)"
..\..\CMSIS\STM32F10x\stm32f10x.h:     ^
..\..\CMSIS\STM32F10x\stm32f10x.h: ..\..\Hardware\src\key.c: 0 warnings, 1 error
compiling lcd.c...
..\..\CMSIS\STM32F10x\stm32f10x.h(96): error:  #35: #error directive: "Please select first the target STM32F10x device used in your application (in stm32f10x.h file)"
..\..\CMSIS\STM32F10x\stm32f10x.h:    #error "Please select first the target STM32F10x device used in your application (in stm32f10x.h file)"
..\..\CMSIS\STM32F10x\stm32f10x.h:     ^
..\..\CMSIS\STM32F10x\stm32f10x.h: ..\..\Hardware\src\lcd.c: 0 warnings, 1 error
compiling led.c...
..\..\CMSIS\STM32F10x\stm32f10x.h(96): error:  #35: #error directive: "Please select first the target STM32F10x device used in your application (in stm32f10x.h file)"
..\..\CMSIS\STM32F10x\stm32f10x.h:    #error "Please select first the target STM32F10x device used in your application (in stm32f10x.h file)"
..\..\CMSIS\STM32F10x\stm32f10x.h:     ^
..\..\CMSIS\STM32F10x\stm32f10x.h: ..\..\Hardware\src\led.c: 0 warnings, 1 error
compiling red.c...
..\..\CMSIS\STM32F10x\stm32f10x.h(96): error:  #35: #error directive: "Please select first the target STM32F10x device used in your application (in stm32f10x.h file)"
..\..\CMSIS\STM32F10x\stm32f10x.h:    #error "Please select first the target STM32F10x device used in your application (in stm32f10x.h file)"
..\..\CMSIS\STM32F10x\stm32f10x.h:     ^
..\..\CMSIS\STM32F10x\stm32f10x.h: ..\..\Hardware\src\red.c: 0 warnings, 1 error
compiling smoke.c...
..\..\CMSIS\STM32F10x\stm32f10x.h(96): error:  #35: #error directive: "Please select first the target STM32F10x device used in your application (in stm32f10x.h file)"
..\..\CMSIS\STM32F10x\stm32f10x.h:    #error "Please select first the target STM32F10x device used in your application (in stm32f10x.h file)"
..\..\CMSIS\STM32F10x\stm32f10x.h:     ^
..\..\CMSIS\STM32F10x\stm32f10x.h: ..\..\Hardware\src\smoke.c: 0 warnings, 1 error
compiling spi.c...
..\..\CMSIS\STM32F10x\stm32f10x.h(96): error:  #35: #error directive: "Please select first the target STM32F10x device used in your application (in stm32f10x.h file)"
..\..\CMSIS\STM32F10x\stm32f10x.h:    #error "Please select first the target STM32F10x device used in your application (in stm32f10x.h file)"
..\..\CMSIS\STM32F10x\stm32f10x.h:     ^
..\..\CMSIS\STM32F10x\stm32f10x.h: ..\..\Hardware\src\spi.c: 0 warnings, 1 error
compiling usart2.c...
..\..\CMSIS\STM32F10x\stm32f10x.h(96): error:  #35: #error directive: "Please select first the target STM32F10x device used in your application (in stm32f10x.h file)"
..\..\CMSIS\STM32F10x\stm32f10x.h:    #error "Please select first the target STM32F10x device used in your application (in stm32f10x.h file)"
..\..\CMSIS\STM32F10x\stm32f10x.h:     ^
..\..\CMSIS\STM32F10x\stm32f10x.h: ..\..\Hardware\src\usart2.c: 0 warnings, 1 error
compiling sim900a.c...
..\..\CMSIS\STM32F10x\stm32f10x.h(96): error:  #35: #error directive: "Please select first the target STM32F10x device used in your application (in stm32f10x.h file)"
..\..\CMSIS\STM32F10x\stm32f10x.h:    #error "Please select first the target STM32F10x device used in your application (in stm32f10x.h file)"
..\..\CMSIS\STM32F10x\stm32f10x.h:     ^
..\..\CMSIS\STM32F10x\stm32f10x.h: ..\..\Hardware\SIM900A\sim900a.c: 0 warnings, 1 error
compiling delay.c...
..\..\CMSIS\STM32F10x\stm32f10x.h(96): error:  #35: #error directive: "Please select first the target STM32F10x device used in your application (in stm32f10x.h file)"
..\..\CMSIS\STM32F10x\stm32f10x.h:    #error "Please select first the target STM32F10x device used in your application (in stm32f10x.h file)"
..\..\CMSIS\STM32F10x\stm32f10x.h:     ^
..\..\CMSIS\STM32F10x\stm32f10x.h: ..\..\system\src\delay.c: 0 warnings, 1 error
compiling sys.c...
..\..\CMSIS\STM32F10x\stm32f10x.h(96): error:  #35: #error directive: "Please select first the target STM32F10x device used in your application (in stm32f10x.h file)"
..\..\CMSIS\STM32F10x\stm32f10x.h:    #error "Please select first the target STM32F10x device used in your application (in stm32f10x.h file)"
..\..\CMSIS\STM32F10x\stm32f10x.h:     ^
..\..\CMSIS\STM32F10x\stm32f10x.h: ..\..\system\src\sys.c: 0 warnings, 1 error
compiling usart.c...
..\..\CMSIS\STM32F10x\stm32f10x.h(96): error:  #35: #error directive: "Please select first the target STM32F10x device used in your application (in stm32f10x.h file)"
..\..\CMSIS\STM32F10x\stm32f10x.h:    #error "Please select first the target STM32F10x device used in your application (in stm32f10x.h file)"
..\..\CMSIS\STM32F10x\stm32f10x.h:     ^
..\..\CMSIS\STM32F10x\stm32f10x.h: ..\..\system\src\usart.c: 0 warnings, 1 error
compiling core_cm3.c...
compiling system_stm32f10x.c...
..\..\CMSIS\STM32F10x\stm32f10x.h(96): error:  #35: #error directive: "Please select first the target STM32F10x device used in your application (in stm32f10x.h file)"
..\..\CMSIS\STM32F10x\stm32f10x.h:    #error "Please select first the target STM32F10x device used in your application (in stm32f10x.h file)"
..\..\CMSIS\STM32F10x\stm32f10x.h:     ^
..\..\CMSIS\STM32F10x\stm32f10x.h: ..\..\CMSIS\STM32F10x\system_stm32f10x.c: 0 warnings, 1 error
assembling startup_stm32f10x_hd.s...
compiling misc.c...
..\..\CMSIS\STM32F10x\stm32f10x.h(96): error:  #35: #error directive: "Please select first the target STM32F10x device used in your application (in stm32f10x.h file)"
..\..\CMSIS\STM32F10x\stm32f10x.h:    #error "Please select first the target STM32F10x device used in your application (in stm32f10x.h file)"
..\..\CMSIS\STM32F10x\stm32f10x.h:     ^
..\..\CMSIS\STM32F10x\stm32f10x.h: ..\..\Libraries\src\misc.c: 0 warnings, 1 error
compiling stm32f10x_adc.c...
..\..\CMSIS\STM32F10x\stm32f10x.h(96): error:  #35: #error directive: "Please select first the target STM32F10x device used in your application (in stm32f10x.h file)"
..\..\CMSIS\STM32F10x\stm32f10x.h:    #error "Please select first the target STM32F10x device used in your application (in stm32f10x.h file)"
..\..\CMSIS\STM32F10x\stm32f10x.h:     ^
..\..\CMSIS\STM32F10x\stm32f10x.h: ..\..\Libraries\src\stm32f10x_adc.c: 0 warnings, 1 error
compiling stm32f10x_gpio.c...
..\..\CMSIS\STM32F10x\stm32f10x.h(96): error:  #35: #error directive: "Please select first the target STM32F10x device used in your application (in stm32f10x.h file)"
..\..\CMSIS\STM32F10x\stm32f10x.h:    #error "Please select first the target STM32F10x device used in your application (in stm32f10x.h file)"
..\..\CMSIS\STM32F10x\stm32f10x.h:     ^
..\..\CMSIS\STM32F10x\stm32f10x.h: ..\..\Libraries\src\stm32f10x_gpio.c: 0 warnings, 1 error
compiling stm32f10x_rcc.c...
..\..\CMSIS\STM32F10x\stm32f10x.h(96): error:  #35: #error directive: "Please select first the target STM32F10x device used in your application (in stm32f10x.h file)"
..\..\CMSIS\STM32F10x\stm32f10x.h:    #error "Please select first the target STM32F10x device used in your application (in stm32f10x.h file)"
..\..\CMSIS\STM32F10x\stm32f10x.h:     ^
..\..\CMSIS\STM32F10x\stm32f10x.h: ..\..\Libraries\src\stm32f10x_rcc.c: 0 warnings, 1 error
compiling stm32f10x_usart.c...
..\..\CMSIS\STM32F10x\stm32f10x.h(96): error:  #35: #error directive: "Please select first the target STM32F10x device used in your application (in stm32f10x.h file)"
..\..\CMSIS\STM32F10x\stm32f10x.h:    #error "Please select first the target STM32F10x device used in your application (in stm32f10x.h file)"
..\..\CMSIS\STM32F10x\stm32f10x.h:     ^
..\..\CMSIS\STM32F10x\stm32f10x.h: ..\..\Libraries\src\stm32f10x_usart.c: 0 warnings, 1 error
Target not created
Build target 'home_safe'
compiling main.c...
compiling stm32f10x_it.c...
compiling ADC.c...
compiling dht11.c...
compiling ds18b20.c...
compiling fire.c...
compiling key.c...
compiling lcd.c...
compiling led.c...
compiling red.c...
compiling smoke.c...
compiling spi.c...
compiling usart2.c...
compiling sim900a.c...
compiling delay.c...
compiling sys.c...
compiling usart.c...
compiling core_cm3.c...
compiling system_stm32f10x.c...
compiling misc.c...
compiling stm32f10x_adc.c...
compiling stm32f10x_gpio.c...
compiling stm32f10x_rcc.c...
compiling stm32f10x_usart.c...
linking...
..\Output\home_safe.axf: Error: L6218E: Undefined symbol SPI_Cmd (referred from spi.o).
..\Output\home_safe.axf: Error: L6218E: Undefined symbol SPI_I2S_GetFlagStatus (referred from spi.o).
..\Output\home_safe.axf: Error: L6218E: Undefined symbol SPI_I2S_ReceiveData (referred from spi.o).
..\Output\home_safe.axf: Error: L6218E: Undefined symbol SPI_I2S_SendData (referred from spi.o).
..\Output\home_safe.axf: Error: L6218E: Undefined symbol SPI_Init (referred from spi.o).
..\Output\home_safe.axf: Not enough information to list image symbols.
..\Output\home_safe.axf: Finished: 1 information, 0 warning and 5 error messages.
Target not created
Build target 'home_safe'
compiling main.c...
compiling stm32f10x_it.c...
compiling ADC.c...
compiling dht11.c...
compiling ds18b20.c...
compiling fire.c...
compiling key.c...
compiling lcd.c...
compiling led.c...
compiling red.c...
compiling smoke.c...
compiling spi.c...
..\..\Hardware\src\spi.c(20): error:  #20: identifier "SPI_InitTypeDef" is undefined
..\..\Hardware\src\spi.c:   SPI_InitTypeDef  SPI_InitStructure;
..\..\Hardware\src\spi.c:   ^
..\..\Hardware\src\spi.c(35): error:  #20: identifier "SPI_Direction_2Lines_FullDuplex" is undefined
..\..\Hardware\src\spi.c:       SPI_InitStructure.SPI_Direction = SPI_Direction_2Lines_FullDuplex;  //设置SPI单向或者双向的数据模式:SPI设置为双线双向全双工
..\..\Hardware\src\spi.c:                                         ^
..\..\Hardware\src\spi.c(36): error:  #20: identifier "SPI_Mode_Master" is undefined
..\..\Hardware\src\spi.c:       SPI_InitStructure.SPI_Mode = SPI_Mode_Master;           //设置SPI工作模式:设置为主SPI
..\..\Hardware\src\spi.c:                                    ^
..\..\Hardware\src\spi.c(37): error:  #20: identifier "SPI_DataSize_8b" is undefined
..\..\Hardware\src\spi.c:       SPI_InitStructure.SPI_DataSize = SPI_DataSize_8b;               //设置SPI的数据大小:SPI发送接收8位帧结构
..\..\Hardware\src\spi.c:                                        ^
..\..\Hardware\src\spi.c(38): error:  #20: identifier "SPI_CPOL_High" is undefined
..\..\Hardware\src\spi.c:       SPI_InitStructure.SPI_CPOL = SPI_CPOL_High;             //选择了串行时钟的稳态:时钟悬空高
..\..\Hardware\src\spi.c:                                    ^
..\..\Hardware\src\spi.c(39): error:  #20: identifier "SPI_CPHA_2Edge" is undefined
..\..\Hardware\src\spi.c:       SPI_InitStructure.SPI_CPHA = SPI_CPHA_2Edge;    //数据捕获于第二个时钟沿
..\..\Hardware\src\spi.c:                                    ^
..\..\Hardware\src\spi.c(40): error:  #20: identifier "SPI_NSS_Soft" is undefined
..\..\Hardware\src\spi.c:       SPI_InitStructure.SPI_NSS = SPI_NSS_Soft;               //NSS信号由硬件（NSS管脚）还是软件（使用SSI位）管理:内部NSS信号有SSI位控制
..\..\Hardware\src\spi.c:                                   ^
..\..\Hardware\src\spi.c(41): error:  #20: identifier "SPI_BaudRatePrescaler_256" is undefined
..\..\Hardware\src\spi.c:       SPI_InitStructure.SPI_BaudRatePrescaler = SPI_BaudRatePrescaler_256;            //定义波特率预分频的值:波特率预分频值为256
..\..\Hardware\src\spi.c:                                                 ^
..\..\Hardware\src\spi.c(42): error:  #20: identifier "SPI_FirstBit_MSB" is undefined
..\..\Hardware\src\spi.c:       SPI_InitStructure.SPI_FirstBit = SPI_FirstBit_MSB;      //指定数据传输从MSB位还是LSB位开始:数据传输从MSB位开始
..\..\Hardware\src\spi.c:                                        ^
..\..\Hardware\src\spi.c(44): warning:  #223-D: function "SPI_Init" declared implicitly
..\..\Hardware\src\spi.c:       SPI_Init(SPI1, &SPI_InitStructure);  //根据SPI_InitStruct中指定的参数初始化外设SPIx寄存器
..\..\Hardware\src\spi.c:       ^
..\..\Hardware\src\spi.c(46): warning:  #223-D: function "SPI_Cmd" declared implicitly
..\..\Hardware\src\spi.c:       SPI_Cmd(SPI1, ENABLE); //使能SPI外设
..\..\Hardware\src\spi.c:       ^
..\..\Hardware\src\spi.c(74): warning:  #223-D: function "SPI_I2S_GetFlagStatus" declared implicitly
..\..\Hardware\src\spi.c:       while (SPI_I2S_GetFlagStatus(SPI1, SPI_I2S_FLAG_TXE) == RESET) //检查指定的SPI标志位设置与否:发送缓存空标志位
..\..\Hardware\src\spi.c:              ^
..\..\Hardware\src\spi.c(74): error:  #20: identifier "SPI_I2S_FLAG_TXE" is undefined
..\..\Hardware\src\spi.c:       while (SPI_I2S_GetFlagStatus(SPI1, SPI_I2S_FLAG_TXE) == RESET) //检查指定的SPI标志位设置与否:发送缓存空标志位
..\..\Hardware\src\spi.c:                                          ^
..\..\Hardware\src\spi.c(79): warning:  #223-D: function "SPI_I2S_SendData" declared implicitly
..\..\Hardware\src\spi.c:       SPI_I2S_SendData(SPI1, TxData); //通过外设SPIx发送一个数据
..\..\Hardware\src\spi.c:       ^
..\..\Hardware\src\spi.c(82): error:  #20: identifier "SPI_I2S_FLAG_RXNE" is undefined
..\..\Hardware\src\spi.c:       while (SPI_I2S_GetFlagStatus(SPI1, SPI_I2S_FLAG_RXNE) == RESET)//检查指定的SPI标志位设置与否:接受缓存非空标志位
..\..\Hardware\src\spi.c:                                          ^
..\..\Hardware\src\spi.c(87): warning:  #223-D: function "SPI_I2S_ReceiveData" declared implicitly
..\..\Hardware\src\spi.c:       return SPI_I2S_ReceiveData(SPI1); //返回通过SPIx最近接收的数据                                      
..\..\Hardware\src\spi.c:              ^
..\..\Hardware\src\spi.c: ..\..\Hardware\src\spi.c: 5 warnings, 11 errors
compiling usart2.c...
compiling sim900a.c...
compiling delay.c...
compiling sys.c...
compiling usart.c...
compiling system_stm32f10x.c...
compiling misc.c...
compiling stm32f10x_adc.c...
compiling stm32f10x_gpio.c...
compiling stm32f10x_rcc.c...
compiling stm32f10x_usart.c...
Target not created
Build target 'home_safe'
linking...
Program Size: Code=30762 RO-data=6458 RW-data=56 ZI-data=1848  
"..\Output\home_safe.axf" - 0 Error(s), 0 Warning(s).
Build target 'home_safe'
compiling main.c...
compiling stm32f10x_it.c...
compiling ADC.c...
compiling dht11.c...
compiling ds18b20.c...
compiling fire.c...
compiling key.c...
compiling lcd.c...
compiling led.c...
compiling red.c...
compiling smoke.c...
compiling usart2.c...
compiling sim900a.c...
compiling delay.c...
compiling sys.c...
compiling usart.c...
compiling core_cm3.c...
compiling system_stm32f10x.c...
assembling startup_stm32f10x_hd.s...
compiling misc.c...
compiling stm32f10x_adc.c...
compiling stm32f10x_gpio.c...
compiling stm32f10x_rcc.c...
compiling stm32f10x_usart.c...
linking...
Program Size: Code=30762 RO-data=6458 RW-data=56 ZI-data=1848  
"..\Output\home_safe.axf" - 0 Error(s), 0 Warning(s).
Build target 'home_safe'
compiling main.c...
compiling key.c...
compiling led.c...
linking...
Program Size: Code=30762 RO-data=6458 RW-data=56 ZI-data=1848  
"..\Output\home_safe.axf" - 0 Error(s), 0 Warning(s).
Build target 'home_safe'
linking...
Program Size: Code=30762 RO-data=6458 RW-data=56 ZI-data=1848  
"..\Output\home_safe.axf" - 0 Error(s), 0 Warning(s).
Build target 'home_safe'
linking...
Program Size: Code=30762 RO-data=6458 RW-data=56 ZI-data=1848  
"..\Output\home_safe.axf" - 0 Error(s), 0 Warning(s).
Build target 'home_safe'
linking...
Program Size: Code=30762 RO-data=6458 RW-data=56 ZI-data=1848  
FromELF: creating hex file...
"..\Output\home_safe.axf" - 0 Error(s), 0 Warning(s).
Build target 'home_safe'
compiling main.c...
linking...
Program Size: Code=30758 RO-data=6458 RW-data=56 ZI-data=1848  
FromELF: creating hex file...
"..\Output\home_safe.axf" - 0 Error(s), 0 Warning(s).
Build target 'home_safe'
compiling lcd.c...
linking...
Program Size: Code=30226 RO-data=6418 RW-data=56 ZI-data=1848  
FromELF: creating hex file...
"..\Output\home_safe.axf" - 0 Error(s), 0 Warning(s).
Build target 'home_safe'
compiling main.c...
linking...
Program Size: Code=30234 RO-data=6418 RW-data=56 ZI-data=1848  
FromELF: creating hex file...
"..\Output\home_safe.axf" - 0 Error(s), 0 Warning(s).
Build target 'home_safe'
compiling main.c...
linking...
Program Size: Code=30234 RO-data=6418 RW-data=56 ZI-data=1848  
FromELF: creating hex file...
"..\Output\home_safe.axf" - 0 Error(s), 0 Warning(s).
Build target 'home_safe'
compiling main.c...
linking...
Program Size: Code=30234 RO-data=6418 RW-data=56 ZI-data=1848  
FromELF: creating hex file...
"..\Output\home_safe.axf" - 0 Error(s), 0 Warning(s).
Build target 'home_safe'
compiling main.c...
linking...
Program Size: Code=30242 RO-data=6418 RW-data=56 ZI-data=1848  
FromELF: creating hex file...
"..\Output\home_safe.axf" - 0 Error(s), 0 Warning(s).
Build target 'home_safe'
compiling main.c...
linking...
Program Size: Code=30242 RO-data=6418 RW-data=56 ZI-data=1848  
FromELF: creating hex file...
"..\Output\home_safe.axf" - 0 Error(s), 0 Warning(s).
Build target 'home_safe'
compiling main.c...
linking...
Program Size: Code=30262 RO-data=6418 RW-data=56 ZI-data=1848  
FromELF: creating hex file...
"..\Output\home_safe.axf" - 0 Error(s), 0 Warning(s).
Build target 'home_safe'
compiling main.c...
linking...
Program Size: Code=30390 RO-data=6418 RW-data=56 ZI-data=1848  
FromELF: creating hex file...
"..\Output\home_safe.axf" - 0 Error(s), 0 Warning(s).
Build target 'home_safe'
compiling main.c...
linking...
Program Size: Code=30390 RO-data=6418 RW-data=56 ZI-data=1848  
FromELF: creating hex file...
"..\Output\home_safe.axf" - 0 Error(s), 0 Warning(s).
